[debug] [2026-04-15T11:41:32.720Z] ----------------------------------------------------------------------
[debug] [2026-04-15T11:41:32.723Z] Command:       C:\Program Files\nodejs\node.exe C:\Users\samar\AppData\Roaming\npm\node_modules\firebase-tools\lib\bin\firebase.js init hosting
[debug] [2026-04-15T11:41:32.724Z] CLI Version:   15.14.0
[debug] [2026-04-15T11:41:32.724Z] Platform:      win32
[debug] [2026-04-15T11:41:32.724Z] Node Version:  v22.17.1
[debug] [2026-04-15T11:41:32.724Z] Time:          Wed Apr 15 2026 17:11:32 GMT+0530 (India Standard Time)
[debug] [2026-04-15T11:41:32.724Z] ----------------------------------------------------------------------
[debug] 
[info] 
     ######## #### ########  ######## ########     ###     ######  ########
     ##        ##  ##     ## ##       ##     ##  ##   ##  ##       ##
     ######    ##  ########  ######   ########  #########  ######  ######
     ##        ##  ##    ##  ##       ##     ## ##     ##       ## ##
     ##       #### ##     ## ######## ########  ##     ##  ######  ########

You're about to initialize a Firebase project in this directory:

  C:\Users\samar\OneDrive\Desktop\Development-of-Departmental-Report-and-Analytics-system-1

[debug] [2026-04-15T11:41:38.524Z] ExitPromptError: User force closed the prompt with SIGINT
    at Interface.sigint (C:\Users\samar\AppData\Roaming\npm\node_modules\firebase-tools\node_modules\@inquirer\core\dist\commonjs\lib\create-prompt.js:101:37)
    at Interface.emit (node:events:518:28)
    at [_ttyWrite] [as _ttyWrite] (node:internal/readline/interface:1132:18)
    at ReadStream.onkeypress (node:internal/readline/interface:271:20)
    at ReadStream.emit (node:events:530:35)
    at emitKeys (node:internal/readline/utils:370:14)
    at emitKeys.next (<anonymous>)
    at ReadStream.onData (node:internal/readline/emitKeypressEvents:64:36)
    at ReadStream.emit (node:events:518:28)
    at addChunk (node:internal/streams/readable:561:12)
[error] 
[error] Error: An unexpected error has occurred.
